
              # pre_catch
 436120.7994897495 52964.0377677241 33160.5256487221 1044240.1828776287 1931523.4249974310 1924357.3621114276 838439.4013329321 435369.3627896140 219221.0146001575 226982.6888205015 279519.4551771162 246941.7978087844 389626.0826687742 722669.4335154477 545065.5557618482 629817.1412447942 824148.3091415700 660647.0621479863 655930.6815705471 932514.2581910307 637303.5981830051 104597.1431329744 304877.0631173191 450443.9853124287 389061.4881296239 69601.0000561003 24719.5660094999
 414.6267475743 588.6056836604 431.3274495290 523.9067699877 650.4075822702 459.6788481972 471.2500646438 628.7591076402 342.6881865940 92.7778109505 256.5903560285 402.8005927687 361.5169271302 44.8055913249 13.4846433468 0.0211976417 0.0211974807 0.2148109424
 3.5347549637 1.9950245934 1.5415825337 0.3179762764 0.6347879172 0.4998937365 0.4999170442 0.5000024005 0.4999351348 0.4999377992 0.5005717414 0.7272187689 1.0002028428 0.0910050023 0.5001226305 2.8162409450 0.0450033650 0.2721131394 0.6386676116 0.3602548678 0.1700548554 0.0110002565 0.1630835628 0.0100003487 0.0100003516 0.2291767080 0.0480069999 0.0009999994 0.0299998961 0.0009999998
 0.0449996653 2.2672129866 0.4999726721 0.0909987544 0.1359939150 0.0449994588 0.1809931408 0.9070045244 1.3606987969 0.4999612773 0.8630625341 0.4082403471 1.1357756727 0.6351520874 0.5901068648 1.4517048272 75.4072533825 6.6643113536 7.5805998548 9.6783032984 0.7967530195 0.7397252926 0.3412285557 0.4905217834 0.7121037854 1.6356217679 6.0030050009 1.2234144164 1.1239014718 0.6709782441

               # pre_cpue
 7709.3103630161 9507.2003942867 13084.9096131182 14098.8575764592 12774.0241060438 9515.8585977758 5253.6819835763 4326.2635308247 4025.9004872069 4547.9831815315 4885.7545769117 6361.4515270668 7296.3991998476 8099.7238437654 7922.6765455284 8653.9801063800 8356.7536938481 7974.3775547233 7644.2317213583 7208.6977012514 5291.4157043758 2020.7674883013 2192.4973894866 2331.6983441449 2291.1436706937 2251.3526699300 2174.7347047294 2258.0720659391 2575.9516718609 2802.4547667827 3159.8109454459 3493.2855226650 3430.5152340446 3010.4865975472 2124.5339239892 1463.4068383006 1509.8684929276 1360.6168292505 1360.6872506991 1338.6286595795 1306.9178066129 1341.5563453138 1555.4211234713 18211.2070409192 11758.5414992213 5241.1748653965 4672.0577233014 6408.3776699229 8201.3067046040 3329.7748858864 3098.9004656802 2975.4131496861 2899.2150729592 2814.0766470524
#--------------------------------------------------------------------------------------------
# Size_data_summary1
#Year Season Fleet  Sex  Type  Shell  Maturity  Nsamp  DataVec_(obs) DataVec_(pred)
1990 3 1 1 0 0 0 15 0 15.0000000000    0.1133113311 0.3933393339 0.4933493349    0.2059838730 0.3099875264 0.4840286006
1991 3 1 1 0 0 0 25 0 25.0000000000    0.1329132913 0.1768176818 0.6902690269    0.2025279036 0.2516241033 0.5458479931
1992 3 1 1 0 0 0 25 0 25.0000000000    0.1905190519 0.2677267727 0.5417541754    0.2168512745 0.2338830239 0.5492657015
1993 3 1 1 0 0 0 25 0 25.0000000000    0.2807000000 0.2097000000 0.5096000000    0.2319063370 0.2331139791 0.5349796839
1994 3 1 1 0 0 0 25 0 25.0000000000    0.2942000000 0.2714000000 0.4344000000    0.1673322682 0.2722534157 0.5604143161
1995 3 1 1 0 0 0 25 0 25.0000000000    0.1478000000 0.2127000000 0.6395000000    0.1893500288 0.2270199591 0.5836300121
1996 3 1 1 0 0 0 25 0 25.0000000000    0.1595000000 0.2229000000 0.6176000000    0.1960831705 0.2287949737 0.5751218558
1997 3 1 1 0 0 0 25 0 25.0000000000    0.1818181818 0.2053205321 0.6128612861    0.1225685472 0.2718505297 0.6055809231
1998 3 1 1 0 0 0 25 0 25.0000000000    0.1927000000 0.2162000000 0.5911000000    0.1072078040 0.2348681984 0.6579239976
2009 3 1 1 0 0 0 50 0 50.0000000000    0.1413000000 0.3235000000 0.5352000000    0.1865769656 0.2836405452 0.5297824892
2010 3 1 1 0 0 0 50 0 50.0000000000    0.1314000000 0.3152000000 0.5534000000    0.1725320281 0.2827837331 0.5446842388
2011 3 1 1 0 0 0 50 0 50.0000000000    0.1313868613 0.3050694931 0.5635436456    0.1634957515 0.3039186186 0.5325856299
2012 3 1 1 0 0 0 50 0 50.0000000000    0.1416858314 0.3177682232 0.5405459454    0.1198150502 0.3478202666 0.5323646833
2014 3 1 1 0 0 0 50 0 50.0000000000    0.0939000000 0.2275000000 0.6786000000    0.1380780051 0.2496890764 0.6122329185
2015 3 1 1 0 0 0 50 0 50.0000000000    0.1148114811 0.2518251825 0.6333633363    0.1177182105 0.2299131017 0.6523686878
1978 1 4 1 0 0 0 50 0 50.0000000000    0.3865000000 0.3478000000 0.2657000000    0.3938122459 0.3466493248 0.2595384294
1979 1 4 1 0 0 0 50 0 50.0000000000    0.4281000000 0.3190000000 0.2529000000    0.4103986158 0.3153450467 0.2742563375
1980 1 4 1 0 0 0 50 0 50.0000000000    0.3588000000 0.3220000000 0.3192000000    0.3053005046 0.3508032212 0.3438962742
1981 1 4 1 0 0 0 50 0 50.0000000000    0.1219000000 0.3065000000 0.5716000000    0.1217964086 0.3727314887 0.5054721027
1982 1 4 1 0 0 0 50 0 50.0000000000    0.1671167117 0.2435243524 0.5893589359    0.1586373578 0.2482778599 0.5930847823
1983 1 4 1 0 0 0 50 0 50.0000000000    0.1752000000 0.2726000000 0.5522000000    0.1136495121 0.2819165622 0.6044339257
1984 1 4 1 0 0 0 50 0 50.0000000000    0.1823000000 0.2085000000 0.6092000000    0.1536691641 0.2762403237 0.5700905122
1985 1 4 1 0 0 0 46 0 46.5000000000    0.2023000000 0.2010000000 0.5967000000    0.2630206574 0.2437802260 0.4931991167
1986 1 4 1 0 0 0 23 0 23.0000000000    0.1984000000 0.4364000000 0.3652000000    0.3588223454 0.2554803578 0.3856972967
1987 1 4 1 0 0 0 35 0 35.5000000000    0.1944000000 0.3779000000 0.4277000000    0.3114260907 0.3182993907 0.3702745185
1988 1 4 1 0 0 0 40 0 40.5000000000    0.1879000000 0.3737000000 0.4384000000    0.2736806264 0.3215311086 0.4047882651
1989 1 4 1 0 0 0 50 0 50.0000000000    0.4245575442 0.2258774123 0.3495650435    0.4591424279 0.2229781713 0.3178794008
1990 1 4 1 0 0 0 50 0 50.0000000000    0.2380000000 0.2332000000 0.5288000000    0.2680852608 0.3879279427 0.3439867966
1991 1 4 1 0 0 0 50 0 50.0000000000    0.2274000000 0.3300000000 0.4426000000    0.2659776880 0.3184961584 0.4155261536
1992 1 4 1 0 0 0 50 0 50.0000000000    0.2263000000 0.2911000000 0.4826000000    0.2904606880 0.3014116072 0.4081277048
1993 1 4 1 0 0 0 50 0 50.0000000000    0.2296000000 0.2759000000 0.4945000000    0.3060860152 0.2962070681 0.3977069167
1994 1 4 1 0 0 0 50 0 50.0000000000    0.1989000000 0.2926000000 0.5085000000    0.2203900669 0.3457945414 0.4338153917
1995 1 4 1 0 0 0 50 0 50.0000000000    0.2592740726 0.3004699530 0.4402559744    0.2560574193 0.2956493963 0.4482931844
1996 1 4 1 0 0 0 50 0 50.0000000000    0.1998000000 0.3054000000 0.4948000000    0.2632006110 0.2958226937 0.4409766953
1997 1 4 1 0 0 0 50 0 50.0000000000    0.1622162216 0.3102310231 0.5275527553    0.1604620852 0.3440639480 0.4954739668
1998 1 4 1 0 0 0 50 0 50.0000000000    0.1276127613 0.3212321232 0.5511551155    0.1450504909 0.3070169441 0.5479325650
1999 1 4 1 0 0 0 26 0 26.0000000000    0.2224000000 0.2214000000 0.5562000000    0.2210879457 0.2538106986 0.5251013557
2000 1 4 1 0 0 0 30 0 30.5000000000    0.2154215422 0.2180218022 0.5665566557    0.2264205127 0.2370467256 0.5365327617
2001 1 4 1 0 0 0 45 0 45.5000000000    0.2253000000 0.2699000000 0.5048000000    0.1979471827 0.2440904315 0.5579623857
2002 1 4 1 0 0 0 19 0 19.0000000000    0.1127000000 0.2346000000 0.6527000000    0.0761721106 0.2599082094 0.6639196800
2003 1 4 1 0 0 0 32 0 32.5000000000    0.3762000000 0.2345000000 0.3893000000    0.1721177021 0.1455325698 0.6823497281
2004 1 4 1 0 0 0 24 0 24.0000000000    0.2488248825 0.1848184818 0.5663566357    0.1159386406 0.1921154901 0.6919458693
2005 1 4 1 0 0 0 21 0 21.0000000000    0.2825000000 0.2744000000 0.4431000000    0.2609710044 0.1365707819 0.6024582137
2006 1 4 1 0 0 0 50 0 50.0000000000    0.3276000000 0.2293000000 0.4431000000    0.3157087262 0.2013343713 0.4829569025
2007 1 4 1 0 0 0 50 0 50.0000000000    0.4394000000 0.3525000000 0.2081000000    0.1782341077 0.3040922690 0.5176736233
2008 1 4 1 0 0 0 50 0 50.0000000000    0.3745000000 0.2219000000 0.4036000000    0.3099377328 0.1988744417 0.4911878255
2009 1 4 1 0 0 0 50 0 50.0000000000    0.3057000000 0.4202000000 0.2741000000    0.2301515504 0.2801177441 0.4897307055
2010 1 4 1 0 0 0 50 0 50.0000000000    0.4081000000 0.3371000000 0.2548000000    0.2041146045 0.2700823046 0.5258030909
2011 1 4 1 0 0 0 50 0 50.0000000000    0.2179000000 0.3940000000 0.3881000000    0.1824538628 0.2768384478 0.5407076895
2012 1 4 1 0 0 0 50 0 50.0000000000    0.1573000000 0.4393000000 0.4034000000    0.1298656717 0.3098287780 0.5603055503
2013 1 4 1 0 0 0 37 0 37.0000000000    0.2100210021 0.2834283428 0.5065506551    0.2090675617 0.2650131367 0.5259193016
2014 1 4 1 0 0 0 50 0 50.0000000000    0.1738000000 0.3912000000 0.4350000000    0.1714715605 0.2486697681 0.5798586714
2015 1 4 1 0 0 0 50 0 50.0000000000    0.2340000000 0.2994000000 0.4666000000    0.1509342286 0.2355208143 0.6135449571
2016 1 4 1 0 0 0 50 0 50.0000000000    0.2255000000 0.2780000000 0.4965000000    0.1631590692 0.2017126708 0.6351282600
2017 1 4 1 0 0 0 21 0 21.0000000000    0.0849000000 0.2994000000 0.6157000000    0.1319272802 0.2014911130 0.6665816068
2018 1 4 1 0 0 0 31 0 31.0000000000    0.1475000000 0.2219000000 0.6306000000    0.1464149437 0.1735892232 0.6799958331
2019 1 4 1 0 0 0 50 0 50.0000000000    0.1961196120 0.2346234623 0.5692569257    0.2312989900 0.1578749672 0.6108260427
2021 1 4 1 0 0 0 50 0 50.0000000000    0.3323000000 0.1320000000 0.5357000000    0.3318861646 0.1658576605 0.5022561750
1995 1 5 1 0 0 0 100 0 100.0000000000    0.1593840616 0.2655734427 0.5750424958    0.1772128538 0.3064637758 0.5163233704
1998 1 5 1 0 0 0 100 0 100.0000000000    0.0769000000 0.2205000000 0.7026000000    0.0956323101 0.3031740913 0.6011935986
2001 1 5 1 0 0 0 100 0 100.0000000000    0.1493149315 0.2049204920 0.6457645765    0.1326642968 0.2450190130 0.6223166902
2004 1 5 1 0 0 0 100 0 100.0000000000    0.0671932807 0.2483751625 0.6844315568    0.0745485751 0.1850196361 0.7404317888
2007 1 5 1 0 0 0 100 0 100.0000000000    0.1257000000 0.3148000000 0.5595000000    0.1192043062 0.3046146621 0.5761810318
2010 1 5 1 0 0 0 100 0 100.0000000000    0.1299000000 0.3209000000 0.5492000000    0.1375742193 0.2726486832 0.5897770975
2013 1 5 1 0 0 0 100 0 100.0000000000    0.1556000000 0.2477000000 0.5967000000    0.1411452380 0.2679731461 0.5908816159
2015 1 5 1 0 0 0 100 0 100.0000000000    0.0706282513 0.2431972789 0.6861744698    0.0989899909 0.2313540656 0.6696559435
2016 1 5 1 0 0 0 100 0 100.0000000000    0.0832000000 0.1917000000 0.7251000000    0.1071829002 0.1984685796 0.6943485201
2017 1 5 1 0 0 0 100 0 100.0000000000    0.1048000000 0.2540000000 0.6412000000    0.0854988633 0.1955806674 0.7189204693
2018 1 5 1 0 0 0 100 0 100.0000000000    0.1020100000 0.2161100000 0.6818800000    0.0951951451 0.1690427119 0.7357621430
#--------------------------------------------------------------------------------------------
# Size_data_summary2
#Year, Seas, Fleet,  Sex,  Type, Shell,  Maturity, Nsamp,  DataVec (obs), DataVec (pred)
 0.2059838730 0.3099875264 0.4840286006
 0.2025279036 0.2516241033 0.5458479931
 0.2168512745 0.2338830239 0.5492657015
 0.2319063370 0.2331139791 0.5349796839
 0.1673322682 0.2722534157 0.5604143161
 0.1893500288 0.2270199591 0.5836300121
 0.1960831705 0.2287949737 0.5751218558
 0.1225685472 0.2718505297 0.6055809231
 0.1072078040 0.2348681984 0.6579239976
 0.1865769656 0.2836405452 0.5297824892
 0.1725320281 0.2827837331 0.5446842388
 0.1634957515 0.3039186186 0.5325856299
 0.1198150502 0.3478202666 0.5323646833
 0.1380780051 0.2496890764 0.6122329185
 0.1177182105 0.2299131017 0.6523686878
 0.3938122459 0.3466493248 0.2595384294
 0.4103986158 0.3153450467 0.2742563375
 0.3053005046 0.3508032212 0.3438962742
 0.1217964086 0.3727314887 0.5054721027
 0.1586373578 0.2482778599 0.5930847823
 0.1136495121 0.2819165622 0.6044339257
 0.1536691641 0.2762403237 0.5700905122
 0.2630206574 0.2437802260 0.4931991167
 0.3588223454 0.2554803578 0.3856972967
 0.3114260907 0.3182993907 0.3702745185
 0.2736806264 0.3215311086 0.4047882651
 0.4591424279 0.2229781713 0.3178794008
 0.2680852608 0.3879279427 0.3439867966
 0.2659776880 0.3184961584 0.4155261536
 0.2904606880 0.3014116072 0.4081277048
 0.3060860152 0.2962070681 0.3977069167
 0.2203900669 0.3457945414 0.4338153917
 0.2560574193 0.2956493963 0.4482931844
 0.2632006110 0.2958226937 0.4409766953
 0.1604620852 0.3440639480 0.4954739668
 0.1450504909 0.3070169441 0.5479325650
 0.2210879457 0.2538106986 0.5251013557
 0.2264205127 0.2370467256 0.5365327617
 0.1979471827 0.2440904315 0.5579623857
 0.0761721106 0.2599082094 0.6639196800
 0.1721177021 0.1455325698 0.6823497281
 0.1159386406 0.1921154901 0.6919458693
 0.2609710044 0.1365707819 0.6024582137
 0.3157087262 0.2013343713 0.4829569025
 0.1782341077 0.3040922690 0.5176736233
 0.3099377328 0.1988744417 0.4911878255
 0.2301515504 0.2801177441 0.4897307055
 0.2041146045 0.2700823046 0.5258030909
 0.1824538628 0.2768384478 0.5407076895
 0.1298656717 0.3098287780 0.5603055503
 0.2090675617 0.2650131367 0.5259193016
 0.1714715605 0.2486697681 0.5798586714
 0.1509342286 0.2355208143 0.6135449571
 0.1631590692 0.2017126708 0.6351282600
 0.1319272802 0.2014911130 0.6665816068
 0.1464149437 0.1735892232 0.6799958331
 0.2312989900 0.1578749672 0.6108260427
 0.3318861646 0.1658576605 0.5022561750
 0.1772128538 0.3064637758 0.5163233704
 0.0956323101 0.3031740913 0.6011935986
 0.1326642968 0.2450190130 0.6223166902
 0.0745485751 0.1850196361 0.7404317888
 0.1192043062 0.3046146621 0.5761810318
 0.1375742193 0.2726486832 0.5897770975
 0.1411452380 0.2679731461 0.5908816159
 0.0989899909 0.2313540656 0.6696559435
 0.1071829002 0.1984685796 0.6943485201
 0.0854988633 0.1955806674 0.7189204693
 0.0951951451 0.1690427119 0.7357621430
